Component: ARM Compiler 5.05 update 2 (build 169) Tool: armlink [4d0f33]

==============================================================================

Section Cross References

    main.o(.text) refers to os_time.o(.text) for OSTimeDly
    main.o(.text) refers to signal_manage.o(.text) for HandleInterrupt
    main.o(.text) refers to sensor_processor.o(.text) for InitSensor
    main.o(.text) refers to gait_generate.o(.text) for InitGaitGeneration
    main.o(.text) refers to dxl_protocol.o(.text) for InitDxlControl
    main.o(.text) refers to rt_memclr_w.o(.text) for __aeabi_memclr4
    main.o(.text) refers to com_protocol.o(.text) for WaitCOMWholePacket
    main.o(.text) refers to uart_driver.o(.text) for SendPacket
    main.o(.text) refers to target.o(.text) for targetInit
    main.o(.text) refers to lpc1700pincfg.o(.text) for pinInit
    main.o(.text) refers to flash_driver.o(.text) for SSP0_init
    main.o(.text) refers to adc_driver.o(.text) for InitAdc
    main.o(.text) refers to i2c_driver.o(.text) for I2CInit
    main.o(.text) refers to flash_filesystem.o(.text) for InitFileSystem
    main.o(.text) refers to os_core.o(.text) for OSInit
    main.o(.text) refers to os_mutex.o(.text) for OSMutexCreate
    main.o(.text) refers to os_sem.o(.text) for OSSemCreate
    main.o(.text) refers to os_q.o(.text) for OSQCreate
    main.o(.text) refers to os_task.o(.text) for OSTaskCreate
    main.o(.text) refers to signal_manage.o(.data) for isTimerInterruptEnable
    main.o(.text) refers to main.o(.bss) for packet
    main.o(.text) refers to main.o(.data) for plckSendPacket
    com_protocol.o(.text) refers to os_time.o(.text) for OSTimeGet
    com_protocol.o(.text) refers to uart_driver.o(.text) for GetChar
    com_protocol.o(.text) refers to dxl_protocol.o(.text) for ServoTorqueEnable
    com_protocol.o(.text) refers to gait_generate.o(.text) for ExecuteConfiguration
    com_protocol.o(.text) refers to flash_filesystem.o(.text) for CloseAll
    com_protocol.o(.text) refers to sensor_processor.o(.text) for GetSensorRawResult
    com_protocol.o(.text) refers to com_protocol.o(.data) for inter
    com_protocol.o(.text) refers to signal_manage.o(.data) for isADCInterruptEnable
    com_protocol.o(.text) refers to rt_memclr.o(.text) for __aeabi_memclr
    uart_driver.o(.text) refers to os_core.o(.text) for OSIntEnter
    uart_driver.o(.text) refers to os_sem.o(.text) for OSSemPost
    uart_driver.o(.text) refers to os_q.o(.text) for OSQPost
    uart_driver.o(.text) refers to zy_if.o(.text) for zyIsrSet
    uart_driver.o(.text) refers to os_mutex.o(.text) for OSMutexPend
    uart_driver.o(.text) refers to os_time.o(.text) for OSTimeDly
    uart_driver.o(.text) refers to main.o(.data) for psemTxEmpty
    dxl_protocol.o(.text) refers to uart_driver.o(.text) for GetDXLChar
    dxl_protocol.o(.text) refers to os_mutex.o(.text) for OSMutexPend
    dxl_protocol.o(.text) refers to gait_generate.o(.text) for GetNextConfigurationWithPoseAndStablization
    dxl_protocol.o(.text) refers to dxl_protocol.o(.data) for isRegisterCommandSent
    dxl_protocol.o(.text) refers to main.o(.data) for plckSendDxlPacket
    dxl_protocol.o(.text) refers to dxl_protocol.o(.bss) for dxlPacket
    flash_driver.o(.text) refers to os_core.o(.text) for OSIntEnter
    flash_driver.o(.text) refers to os_sem.o(.text) for OSSemPost
    flash_driver.o(.text) refers to zy_if.o(.text) for zyIsrSet
    flash_driver.o(.text) refers to os_time.o(.text) for OSTimeDly
    flash_driver.o(.text) refers to main.o(.data) for pSemSPIA
    adc_driver.o(.text) refers to os_time.o(.text) for OSTimeDly
    signal_manage.o(.text) refers to os_sem.o(.text) for OSSemPend
    signal_manage.o(.text) refers to main.o(.data) for pSemADC
    signal_manage.o(.text) refers to signal_manage.o(.data) for isADCInterruptEnable
    sensor_processor.o(.text) refers to flash_filesystem.o(.text) for CloseAll
    sensor_processor.o(.text) refers to os_mutex.o(.text) for OSMutexPend
    sensor_processor.o(.text) refers to rt_memcpy_v6.o(.text) for __aeabi_memcpy
    sensor_processor.o(.text) refers to os_time.o(.text) for OSTimeDly
    sensor_processor.o(.text) refers to i2c_driver.o(.text) for I2C_WriteNByte
    sensor_processor.o(.text) refers to rt_memclr.o(.text) for __aeabi_memclr
    sensor_processor.o(.text) refers to rt_memclr_w.o(.text) for __aeabi_memclr4
    sensor_processor.o(.text) refers to f2d.o(x$fpl$f2d) for __aeabi_f2d
    sensor_processor.o(.text) refers to cos.o(i.cos) for cos
    sensor_processor.o(.text) refers to d2f.o(x$fpl$d2f) for __aeabi_d2f
    sensor_processor.o(.text) refers to sin.o(i.sin) for sin
    sensor_processor.o(.text) refers to fmul.o(x$fpl$fmul) for __aeabi_fmul
    sensor_processor.o(.text) refers to faddsub_clz.o(x$fpl$fadd) for __aeabi_fadd
    sensor_processor.o(.text) refers to faddsub_clz.o(x$fpl$fsub) for __aeabi_fsub
    sensor_processor.o(.text) refers to atan2.o(i.atan2) for atan2
[...]
    x$fpl$fmul                               0x0000ddf0   Section      258  fmul.o(x$fpl$fmul)
    x$fpl$fnaninf                            0x0000def2   Section      140  fnaninf.o(x$fpl$fnaninf)
    x$fpl$fretinf                            0x0000df7e   Section       10  fretinf.o(x$fpl$fretinf)
    x$fpl$frleqf                             0x0000df88   Section       98  frleqf.o(x$fpl$frleqf)
    x$fpl$fsub                               0x0000dfec   Section      234  faddsub_clz.o(x$fpl$fsub)
    _fsub1                                   0x0000dffb   Thumb Code     0  faddsub_clz.o(x$fpl$fsub)
    x$fpl$retnan                             0x0000e0d6   Section      100  retnan.o(x$fpl$retnan)
    x$fpl$scalbn                             0x0000e13a   Section       92  scalbn.o(x$fpl$scalbn)
    x$fpl$trapveneer                         0x0000e196   Section       48  trapv.o(x$fpl$trapveneer)
    .constdata                               0x0000e1c6   Section     2636  fast_math.o(.constdata)
    x$fpl$usenofp                            0x0000e1c6   Section        0  usenofp.o(x$fpl$usenofp)
    .constdata                               0x0000ec12   Section      264  os_core.o(.constdata)
    .constdata                               0x0000ed20   Section       80  asin.o(.constdata)
    pS                                       0x0000ed20   Data          48  asin.o(.constdata)
    qS                                       0x0000ed50   Data          32  asin.o(.constdata)
    .constdata                               0x0000ed70   Section       12  _monlen.o(.constdata)
    .constdata                               0x0000ed80   Section      152  atan.o(.constdata)
    atanhi                                   0x0000ed80   Data          32  atan.o(.constdata)
    atanlo                                   0x0000eda0   Data          32  atan.o(.constdata)
    aTodd                                    0x0000edc0   Data          40  atan.o(.constdata)
    aTeven                                   0x0000ede8   Data          48  atan.o(.constdata)
    .constdata                               0x0000ee18   Section       48  cos_i.o(.constdata)
    C                                        0x0000ee18   Data          48  cos_i.o(.constdata)
    .constdata                               0x0000ee48   Section        8  qnan.o(.constdata)
    .constdata                               0x0000ee50   Section      200  rred.o(.constdata)
    pio2s                                    0x0000ee50   Data          48  rred.o(.constdata)
    twooverpi                                0x0000ee80   Data         152  rred.o(.constdata)
    .constdata                               0x0000ef18   Section       40  sin_i.o(.constdata)
    S                                        0x0000ef18   Data          40  sin_i.o(.constdata)
    .data                                    0x10000000   Section      204  vector_table.o(.data)
    .data                                    0x100000cc   Section       60  main.o(.data)
    .data                                    0x10000108   Section        6  com_protocol.o(.data)
    inter                                    0x10000108   Data           4  com_protocol.o(.data)
    fs                                       0x1000010c   Data           2  com_protocol.o(.data)
    .data                                    0x1000010e   Section        2  dxl_protocol.o(.data)
    .data                                    0x10000110   Section        2  signal_manage.o(.data)
    .data                                    0x10000114   Section       16  sensor_processor.o(.data)
    .data                                    0x10000124   Section       34  gait_generate.o(.data)
    buffer                                   0x1000013a   Data           6  gait_generate.o(.data)
    buffer                                   0x10000140   Data           6  gait_generate.o(.data)
    .data                                    0x10000148   Section       54  i2c_driver.o(.data)
    .data                                    0x10000180   Section       76  realdcm.o(.data)
    .data                                    0x100001cc   Section       76  os_core.o(.data)
    .data                                    0x10000218   Section        4  os_cpu_c.o(.data)
    .data                                    0x1000021c   Section        4  heapauxa.o(.data)
    __rt_heap_escrow_base                    0x1000021c   Data           4  heapauxa.o(.data)
    .bss                                     0x10000220   Section     5301  main.o(.bss)
    .bss                                     0x100016d6   Section      141  dxl_protocol.o(.bss)
    .bss                                     0x10001764   Section      108  sensor_processor.o(.bss)
    .bss                                     0x100017d0   Section      802  flash_filesystem.o(.bss)
    .bss                                     0x10001af4   Section     1136  gait_generate.o(.bss)
    tempGaitFrame                            0x10001ee4   Data         128  gait_generate.o(.bss)
    .bss                                     0x10001f64   Section      180  realdcm.o(.bss)
    Scaled_Omega_P                           0x10002000   Data          12  realdcm.o(.bss)
    Scaled_Omega_I                           0x1000200c   Data          12  realdcm.o(.bss)
    .bss                                     0x10002018   Section     5304  os_core.o(.bss)
    .bss                                     0x100034d0   Section       96  libspace.o(.bss)
    Heap                                     0x10003530   Section        0  rt_sys_s.o(Heap)
    bottom_of_heap                           0x10003530   Data           0  rt_sys_s.o(Heap)

    Global Symbols

    Symbol Name                              Value     Ov Type        Size  Object(Section)

    BuildAttributes$$THM_ISAv4$P$D$K$B$S$PE$A:L22UL41UL21$X:L11$S22US41US21$IEEE1$IW$USESV6$~STKCKD$USESV7$~SHL$OTIME$ROPI$IEEEX$EBA8$UX$STANDARDLIB$REQ8$PRES8$EABIv2 0x00000000   Number         0  anon$$obj.o ABSOLUTE
    __ARM_use_no_argv                        0x00000000   Number         0  main.o ABSOLUTE
    __GpvVectorRom                           0x00000000   Data          48  vector_table.o(.constdata)
    __ARM_exceptions_init                     - Undefined Weak Reference
    __alloca_initialize                       - Undefined Weak Reference
    __arm_preinit_                            - Undefined Weak Reference
    __cpp_initialize__aeabi_                  - Undefined Weak Reference
    __cxa_finalize                            - Undefined Weak Reference
    __rt_locale                               - Undefined Weak Reference
    __sigvec_lookup                           - Undefined Weak Reference
    __user_heap_extent                        - Undefined Weak Reference
    _atexit_init                              - Undefined Weak Reference
    _call_atexit_fns                          - Undefined Weak Reference
    _clock_init                               - Undefined Weak Reference
    _fp_trap_init                             - Undefined Weak Reference
    _fp_trap_shutdown                         - Undefined Weak Reference
    _get_lc_collate                           - Undefined Weak Reference
    _get_lc_ctype                             - Undefined Weak Reference
    _get_lc_monetary                          - Undefined Weak Reference
    _get_lc_numeric                           - Undefined Weak Reference
    _get_lc_time                              - Undefined Weak Reference
    _getenv_init                              - Undefined Weak Reference
    _handle_redirection                       - Undefined Weak Reference
    _initio                                   - Undefined Weak Reference
    _mutex_acquire                            - Undefined Weak Reference
    _mutex_free                               - Undefined Weak Reference
    _mutex_release                            - Undefined Weak Reference
    _rand_init                                - Undefined Weak Reference
    _signal_finish                            - Undefined Weak Reference
    _signal_init                              - Undefined Weak Reference
    _terminateio                              - Undefined Weak Reference
    __main                                   0x00000031   Thumb Code     8  __main.o(!!!main)
    __scatterload                            0x00000039   Thumb Code     0  __scatter.o(!!!scatter)
    __scatterload_rt2                        0x00000039   Thumb Code    44  __scatter.o(!!!scatter)
    __scatterload_rt2_thumb_only             0x00000039   Thumb Code     0  __scatter.o(!!!scatter)
    __scatterload_null                       0x00000047   Thumb Code     0  __scatter.o(!!!scatter)
    __decompress                             0x0000006d   Thumb Code    90  __dczerorl2.o(!!dczerorl2)
    __decompress1                            0x0000006d   Thumb Code     0  __dczerorl2.o(!!dczerorl2)
    __scatterload_copy                       0x000000c9   Thumb Code    26  __scatter_copy.o(!!handler_copy)
    __scatterload_zeroinit                   0x000000e5   Thumb Code    28  __scatter_zi.o(!!handler_zi)
    __rt_lib_init                            0x00000101   Thumb Code     0  libinit.o(.ARM.Collect$$libinit$$00000000)
    __rt_lib_init_fp_1                       0x00000103   Thumb Code     0  libinit2.o(.ARM.Collect$$libinit$$00000002)
    __rt_lib_init_heap_2                     0x00000103   Thumb Code     0  libinit2.o(.ARM.Collect$$libinit$$00000005)
    __rt_lib_init_preinit_1                  0x00000103   Thumb Code     0  libinit2.o(.ARM.Collect$$libinit$$00000004)
    __rt_lib_init_alloca_1                   0x0000010b   Thumb Code     0  libinit2.o(.ARM.Collect$$libinit$$0000002E)
    __rt_lib_init_argv_1                     0x0000010b   Thumb Code     0  libinit2.o(.ARM.Collect$$libinit$$0000002C)
    __rt_lib_init_atexit_1                   0x0000010b   Thumb Code     0  libinit2.o(.ARM.Collect$$libinit$$0000001B)
    __rt_lib_init_clock_1                    0x0000010b   Thumb Code     0  libinit2.o(.ARM.Collect$$libinit$$00000021)
    __rt_lib_init_cpp_1                      0x0000010b   Thumb Code     0  libinit2.o(.ARM.Collect$$libinit$$00000032)
    __rt_lib_init_exceptions_1               0x0000010b   Thumb Code     0  libinit2.o(.ARM.Collect$$libinit$$00000030)
    __rt_lib_init_fp_trap_1                  0x0000010b   Thumb Code     0  libinit2.o(.ARM.Collect$$libinit$$0000001F)
    __rt_lib_init_getenv_1                   0x0000010b   Thumb Code     0  libinit2.o(.ARM.Collect$$libinit$$00000023)
    __rt_lib_init_heap_1                     0x0000010b   Thumb Code     0  libinit2.o(.ARM.Collect$$libinit$$0000000A)
    __rt_lib_init_lc_collate_1               0x0000010b   Thumb Code     0  libinit2.o(.ARM.Collect$$libinit$$00000011)
    __rt_lib_init_lc_ctype_1                 0x0000010b   Thumb Code     0  libinit2.o(.ARM.Collect$$libinit$$00000013)
    __rt_lib_init_lc_monetary_1              0x0000010b   Thumb Code     0  libinit2.o(.ARM.Collect$$libinit$$00000015)
    __rt_lib_init_lc_numeric_1               0x0000010b   Thumb Code     0  libinit2.o(.ARM.Collect$$libinit$$00000017)
    __rt_lib_init_lc_time_1                  0x0000010b   Thumb Code     0  libinit2.o(.ARM.Collect$$libinit$$00000019)
    __rt_lib_init_rand_1                     0x0000010b   Thumb Code     0  libinit2.o(.ARM.Collect$$libinit$$0000000E)
    __rt_lib_init_return                     0x0000010b   Thumb Code     0  libinit2.o(.ARM.Collect$$libinit$$00000033)
    __rt_lib_init_signal_1                   0x0000010b   Thumb Code     0  libinit2.o(.ARM.Collect$$libinit$$0000001D)
    __rt_lib_init_stdio_1                    0x0000010b   Thumb Code     0  libinit2.o(.ARM.Collect$$libinit$$00000025)
    __rt_lib_init_user_alloc_1               0x0000010b   Thumb Code     0  libinit2.o(.ARM.Collect$$libinit$$0000000C)
    __rt_lib_shutdown                        0x0000010d   Thumb Code     0  libshutdown.o(.ARM.Collect$$libshutdown$$00000000)
    __rt_lib_shutdown_fp_trap_1              0x0000010f   Thumb Code     0  libshutdown2.o(.ARM.Collect$$libshutdown$$00000006)
    __rt_lib_shutdown_heap_1                 0x0000010f   Thumb Code     0  libshutdown2.o(.ARM.Collect$$libshutdown$$0000000E)
    __rt_lib_shutdown_return                 0x0000010f   Thumb Code     0  libshutdown2.o(.ARM.Collect$$libshutdown$$0000000F)
    __rt_lib_shutdown_signal_1               0x0000010f   Thumb Code     0  libshutdown2.o(.ARM.Collect$$libshutdown$$00000009)
    __rt_lib_shutdown_stdio_1                0x0000010f   Thumb Code     0  libshutdown2.o(.ARM.Collect$$libshutdown$$00000003)
    __rt_lib_shutdown_user_alloc_1           0x0000010f   Thumb Code     0  libshutdown2.o(.ARM.Collect$$libshutdown$$0000000B)
    __rt_entry                               0x00000111   Thumb Code     0  __rtentry.o(.ARM.Collect$$rtentry$$00000000)
    __rt_entry_presh_1                       0x00000111   Thumb Code     0  __rtentry2.o(.ARM.Collect$$rtentry$$00000002)
    __rt_entry_sh                            0x00000111   Thumb Code     0  __rtentry4.o(.ARM.Collect$$rtentry$$00000004)
    __rt_entry_li                            0x00000117   Thumb Code     0  __rtentry2.o(.ARM.Collect$$rtentry$$0000000A)
    __rt_entry_postsh_1                      0x00000117   Thumb Code     0  __rtentry2.o(.ARM.Collect$$rtentry$$00000009)
    __rt_entry_main                          0x0000011b   Thumb Code     0  __rtentry2.o(.ARM.Collect$$rtentry$$0000000D)
    __rt_entry_postli_1                      0x0000011b   Thumb Code     0  __rtentry2.o(.ARM.Collect$$rtentry$$0000000C)
    __rt_exit                                0x00000123   Thumb Code     0  rtexit.o(.ARM.Collect$$rtexit$$00000000)
    __rt_exit_ls                             0x00000125   Thumb Code     0  rtexit2.o(.ARM.Collect$$rtexit$$00000003)
    __rt_exit_prels_1                        0x00000125   Thumb Code     0  rtexit2.o(.ARM.Collect$$rtexit$$00000002)
    __rt_exit_exit                           0x00000129   Thumb Code     0  rtexit2.o(.ARM.Collect$$rtexit$$00000004)
    svcallHandle                             0x00000131   Thumb Code    36  os_cpu_c.o(.emb_text)
    __OSStartHighRdy                         0x00000155   Thumb Code    10  os_cpu_c.o(.emb_text)
    __s_OSStartHighRdy                       0x0000015f   Thumb Code    42  os_cpu_c.o(.emb_text)
    __s_OSCtxSw                              0x00000199   Thumb Code    80  os_cpu_c.o(.emb_text)
    __s_OS_ENTER_CRITICAL                    0x000001fd   Thumb Code    28  os_cpu_c.o(.emb_text)
    __s_OS_EXIT_CRITICAL                     0x0000021d   Thumb Code    28  os_cpu_c.o(.emb_text)
    __s_changeToSYSMode                      0x0000023d   Thumb Code    10  os_cpu_c.o(.emb_text)
    changeToUSRMode                          0x00000247   Thumb Code    10  os_cpu_c.o(.emb_text)
    taskEntry                                0x00000251   Thumb Code    10  os_cpu_c.o(.emb_text)
    _maybe_terminate_alloc                   0x0000025d   Thumb Code     0  maybetermalloc1.o(.emb_text)
    mainTask                                 0x0000025d   Thumb Code    74  main.o(.text)
    task_adc                                 0x000002a7   Thumb Code    18  main.o(.text)
    task_gaitgen                             0x000002b9   Thumb Code    14  main.o(.text)
    task_dxl                                 0x000002c7   Thumb Code    22  main.o(.text)
    task_com                                 0x000002dd   Thumb Code    62  main.o(.text)
    main                                     0x0000031b   Thumb Code   284  main.o(.text)
    GetCOMHead                               0x0000049d   Thumb Code    12  com_protocol.o(.text)
    ConstructCOMPacket                       0x000004a9   Thumb Code    52  com_protocol.o(.text)
    COMPacketCheck                           0x000004dd   Thumb Code    58  com_protocol.o(.text)
    MakeCOMWholePacket                       0x00000517   Thumb Code   122  com_protocol.o(.text)
    WaitCOMWholePacket                       0x00000591   Thumb Code    82  com_protocol.o(.text)
    HandleOtherState                         0x000005e3   Thumb Code    86  com_protocol.o(.text)
    HandleInstPacket                         0x00000639   Thumb Code  1110  com_protocol.o(.text)
    UART0_IRQHandler                         0x00000a91   Thumb Code   118  uart_driver.o(.text)
    UART0_Init                               0x00000b07   Thumb Code    76  uart_driver.o(.text)
    SendPacket                               0x00000b53   Thumb Code   138  uart_driver.o(.text)
    GetChar                                  0x00000bdd   Thumb Code    36  uart_driver.o(.text)
    UART3_IRQHandler                         0x00000c01   Thumb Code   118  uart_driver.o(.text)
    SendDXLPacket                            0x00000c77   Thumb Code   118  uart_driver.o(.text)
    GetDXLChar                               0x00000ced   Thumb Code    36  uart_driver.o(.text)
    ChangeDXLDirection                       0x00000d11   Thumb Code   134  uart_driver.o(.text)
    UART3_Init                               0x00000d97   Thumb Code    70  uart_driver.o(.text)
    InitSci                                  0x00000ddd   Thumb Code    12  uart_driver.o(.text)
    InitDxlControl                           0x00000e09   Thumb Code     2  dxl_protocol.o(.text)
    GetDXLHead                               0x00000e0b   Thumb Code    12  dxl_protocol.o(.text)
    ConstructDXLPacket                       0x00000e17   Thumb Code    52  dxl_protocol.o(.text)
    DXLPacketCheck                           0x00000e4b   Thumb Code    58  dxl_protocol.o(.text)
    MakeDXLWholePacket                       0x00000e85   Thumb Code   100  dxl_protocol.o(.text)
    WaitDXLWholePacket                       0x00000ee9   Thumb Code    42  dxl_protocol.o(.text)
    HandleDXLControl                         0x00000f13   Thumb Code   266  dxl_protocol.o(.text)
    TakeSingleAction                         0x0000101d   Thumb Code   106  dxl_protocol.o(.text)
    ServoTorqueEnable                        0x00001087   Thumb Code   258  dxl_protocol.o(.text)
    SSP0_IRQHandler                          0x0000119d   Thumb Code    30  flash_driver.o(.text)
    SSP0_init                                0x000011bb   Thumb Code    58  flash_driver.o(.text)
    WriteFlashPage                           0x000011f5   Thumb Code   224  flash_driver.o(.text)
    ReadFlashPage                            0x000012d5   Thumb Code   246  flash_driver.o(.text)
    SpiFlashProgram                          0x000013cb   Thumb Code    58  flash_driver.o(.text)
    SpiFlashRead                             0x00001405   Thumb Code    58  flash_driver.o(.text)
    InitAdc                                  0x00001451   Thumb Code    12  adc_driver.o(.text)
    ReadADCResult                            0x0000145d   Thumb Code    84  adc_driver.o(.text)
    WaitADCInterrupt                         0x000014bd   Thumb Code    20  signal_manage.o(.text)
    WaitDXLInterrupt                         0x000014d1   Thumb Code    20  signal_manage.o(.text)
    HandleInterrupt                          0x000014e5   Thumb Code    32  signal_manage.o(.text)
    StoreCalibrationToFlash                  0x00001515   Thumb Code   126  sensor_processor.o(.text)
    LoadCalibrationFromFlash                 0x00001593   Thumb Code    70  sensor_processor.o(.text)
    IntializeCalibration                     0x000015d9   Thumb Code    98  sensor_processor.o(.text)
    InitSensor                               0x0000163b   Thumb Code   304  sensor_processor.o(.text)
    Compass_Heading                          0x0000176b   Thumb Code   282  sensor_processor.o(.text)
    ConstrainMag                             0x00001885   Thumb Code    56  sensor_processor.o(.text)
    ConstrainAccel                           0x000018bd   Thumb Code     6  sensor_processor.o(.text)
    ConstrainGyro                            0x000018c3   Thumb Code     6  sensor_processor.o(.text)
    HandleSensor                             0x000018c9   Thumb Code  1124  sensor_processor.o(.text)
    GetSensorRawResult                       0x00001d2d   Thumb Code    80  sensor_processor.o(.text)
    GetSensorResult                          0x00001d7d   Thumb Code   112  sensor_processor.o(.text)
    HandleSensorFeedback                     0x00001ded   Thumb Code    62  sensor_processor.o(.text)
    SQRT16                                   0x00001e35   Thumb Code    70  fast_math.o(.text)
    SIN                                      0x00001e7b   Thumb Code    66  fast_math.o(.text)
    COS                                      0x00001ebd   Thumb Code    76  fast_math.o(.text)
    ARCTAN2                                  0x00001f09   Thumb Code   108  fast_math.o(.text)
    InitFileSystem                           0x00001f7d   Thumb Code    80  flash_filesystem.o(.text)
    Open                                     0x00001fcd   Thumb Code    96  flash_filesystem.o(.text)
    Read                                     0x0000202d   Thumb Code   764  flash_filesystem.o(.text)
    Write                                    0x00002329   Thumb Code   814  flash_filesystem.o(.text)
    Close                                    0x00002657   Thumb Code   180  flash_filesystem.o(.text)
    CloseAll                                 0x0000270b   Thumb Code    26  flash_filesystem.o(.text)
    FillInHomoMatrixRPY                      0x0000272d   Thumb Code   454  fast_kinematics.o(.text)
    FillInHomoMatrixRPYRev                   0x000028f3   Thumb Code   454  fast_kinematics.o(.text)
    FillInBaseMatrixRev                      0x00002ab9   Thumb Code   144  fast_kinematics.o(.text)
    MultiHomoMatrix                          0x00002b49   Thumb Code   188  fast_kinematics.o(.text)
    CalRelativeVector                        0x00002c05   Thumb Code   106  fast_kinematics.o(.text)
    GetInverseKine                           0x00002c6f   Thumb Code  1026  fast_kinematics.o(.text)
    ResetStablizationProcedure               0x00003075   Thumb Code    36  gait_generate.o(.text)
    FindMaxIndex                             0x00003099   Thumb Code    36  gait_generate.o(.text)
    GetAngleDifferenceForStablization        0x000030bd   Thumb Code   306  gait_generate.o(.text)
    InitGaitGeneration                       0x000031ef   Thumb Code   118  gait_generate.o(.text)
    AddGaitData                              0x00003265   Thumb Code   218  gait_generate.o(.text)
    AddGaitDataWithPose                      0x0000333f   Thumb Code   466  gait_generate.o(.text)
    WaitUntilQueueLen                        0x00003511   Thumb Code   110  gait_generate.o(.text)
    AddNewGaitWithPose                       0x0000357f   Thumb Code   498  gait_generate.o(.text)
    AddNewGait                               0x00003771   Thumb Code   274  gait_generate.o(.text)
    ModifyToTurnningAngle                    0x00003883   Thumb Code   120  gait_generate.o(.text)
    ExecuteWalkKick                          0x000038fb   Thumb Code   258  gait_generate.o(.text)
    WalkKickControlStep                      0x000039fd   Thumb Code  1362  gait_generate.o(.text)
    WalkingSpeedControl                      0x00003f4f   Thumb Code   588  gait_generate.o(.text)
    SingleStepControl                        0x0000419b   Thumb Code   358  gait_generate.o(.text)
    SingleStepControlWithStablization        0x00004301   Thumb Code  1080  gait_generate.o(.text)
    FillInStepParameterWithPushRecovery      0x00004739   Thumb Code  1386  gait_generate.o(.text)
    FillInStepParameter                      0x00004ca3   Thumb Code  1342  gait_generate.o(.text)
    FillInStepParameterWalkKick              0x000051e1   Thumb Code  1318  gait_generate.o(.text)
    GetArmSwing                              0x00005707   Thumb Code   188  gait_generate.o(.text)
    ChangeFoot                               0x000057c3   Thumb Code   274  gait_generate.o(.text)
    UpdateOdometer                           0x000058d5   Thumb Code   408  gait_generate.o(.text)
    UpdateHipOffset                          0x00005a6d   Thumb Code    26  gait_generate.o(.text)
    GenerateGaitStep                         0x00005a87   Thumb Code  5600  gait_generate.o(.text)
    HandleGaitInst                           0x00007067   Thumb Code   550  gait_generate.o(.text)
    HandleHeadMoving                         0x0000728d   Thumb Code   302  gait_generate.o(.text)
    ExecuteGaitDirectionExt                  0x000073bb   Thumb Code    62  gait_generate.o(.text)
    ExecuteGait                              0x000073f9   Thumb Code    60  gait_generate.o(.text)
    SmoothConfiguration                      0x00007435   Thumb Code   178  gait_generate.o(.text)
    ExecuteConfiguration                     0x000074e7   Thumb Code   112  gait_generate.o(.text)
    HandleOdometer                           0x00007557   Thumb Code    84  gait_generate.o(.text)
    GetNextConfiguration                     0x000075ab   Thumb Code   412  gait_generate.o(.text)
    HandleTorsoPose                          0x00007747   Thumb Code    68  gait_generate.o(.text)
    GetGeneratedRobotpose                    0x0000778b   Thumb Code    74  gait_generate.o(.text)
    DeltaToHist                              0x000077d5   Thumb Code    56  gait_generate.o(.text)
    UpdateOmega                              0x0000780d   Thumb Code    38  gait_generate.o(.text)
    UpdateRollAndPitch                       0x00007833   Thumb Code    68  gait_generate.o(.text)
    UpdateStablizationProcedure              0x00007877   Thumb Code   148  gait_generate.o(.text)
    GetNextConfigurationWithPoseAndStablization 0x0000790b   Thumb Code   894  gait_generate.o(.text)
    GetNextConfigurationWithPose             0x00007c89   Thumb Code  1022  gait_generate.o(.text)
    I2C0_IRQHandler                          0x0000809d   Thumb Code   542  i2c_driver.o(.text)
    I2CInit                                  0x000082bb   Thumb Code    48  i2c_driver.o(.text)
    I2C_WriteNByte                           0x000082eb   Thumb Code   138  i2c_driver.o(.text)
    I2C_ReadNByte                            0x00008375   Thumb Code   146  i2c_driver.o(.text)
    Matrix_Multiply                          0x0000842d   Thumb Code   124  matrix.o(.text)
    MatrixMultiplyVector                     0x000084a9   Thumb Code    88  matrix.o(.text)
    constrain                                0x00008501   Thumb Code    44  realdcm.o(.text)
    Normalize                                0x0000852d   Thumb Code   582  realdcm.o(.text)
    Drift_correction                         0x00008773   Thumb Code   568  realdcm.o(.text)
    Matrix_update                            0x000089ab   Thumb Code   362  realdcm.o(.text)
    Euler_angles                             0x00008b15   Thumb Code   116  realdcm.o(.text)
    Vector_Dot_Product                       0x00008bcd   Thumb Code    50  vector.o(.text)
    Vector_Cross_Product                     0x00008bff   Thumb Code    98  vector.o(.text)
    Vector_Scale                             0x00008c61   Thumb Code    40  vector.o(.text)
    Vector_Add                               0x00008c89   Thumb Code    42  vector.o(.text)
    pinInit                                  0x00008cb5   Thumb Code    66  lpc1700pincfg.o(.text)
    pconpInit                                0x00008cf7   Thumb Code     8  lpc1700pincfg.o(.text)
    defaultVectorHandle                      0x00008d19   Thumb Code     4  target.o(.text)
    targetInit                               0x00008d1d   Thumb Code   348  target.o(.text)
    zyIfInit                                 0x00008e99   Thumb Code     4  zy_if.o(.text)
    zyReset                                  0x00008e9d   Thumb Code    50  zy_if.o(.text)
    zyIrqDisable                             0x00008ecf   Thumb Code     8  zy_if.o(.text)
    zyIrqEnable                              0x00008ed7   Thumb Code     8  zy_if.o(.text)
    zyIsrSet                                 0x00008edf   Thumb Code   182  zy_if.o(.text)
    __s_zyIsrClr                             0x00008f95   Thumb Code   178  zy_if.o(.text)
    __s_zyIsrDisable                         0x00009047   Thumb Code   150  zy_if.o(.text)
    zyIsrEnable                              0x000090dd   Thumb Code   140  zy_if.o(.text)
    zyHeapMalloc                             0x00009169   Thumb Code    26  zy_if.o(.text)
    zyHeapFree                               0x00009183   Thumb Code    22  zy_if.o(.text)
    zyThreadCreate                           0x00009199   Thumb Code    72  zy_if.o(.text)
    zyThreadGetCurId                         0x000091e1   Thumb Code     6  zy_if.o(.text)
    zyThreadDel                              0x000091e7   Thumb Code    70  zy_if.o(.text)
    zyThreadSuspendSelf                      0x0000922d   Thumb Code    12  zy_if.o(.text)
    zyThreadResume                           0x00009239   Thumb Code    18  zy_if.o(.text)
    zyThreadSuspendCheck                     0x0000924b   Thumb Code    24  zy_if.o(.text)
    zyThreadDelay                            0x00009263   Thumb Code    62  zy_if.o(.text)
    zySemCreate                              0x000092a1   Thumb Code    12  zy_if.o(.text)
    zySemDel                                 0x000092ad   Thumb Code    62  zy_if.o(.text)
    zySemAccept                              0x000092eb   Thumb Code    12  zy_if.o(.text)
    zySemPend                                0x000092f7   Thumb Code    88  zy_if.o(.text)
    zySemPost                                0x0000934f   Thumb Code    56  zy_if.o(.text)
    zyMsgCreate                              0x00009387   Thumb Code   122  zy_if.o(.text)
    zyMsgDel                                 0x00009401   Thumb Code    40  zy_if.o(.text)
    zyMsgAccept                              0x00009429   Thumb Code    58  zy_if.o(.text)
    zyMsgPend                                0x00009463   Thumb Code   130  zy_if.o(.text)
    zyMsgPost                                0x000094e5   Thumb Code   150  zy_if.o(.text)
    _sys_exit                                0x0000957b   Thumb Code     4  rt_sys_c.o(.text)
    _ttywrch                                 0x0000957f   Thumb Code     2  rt_sys_c.o(.text)
    _sys_open                                0x00009581   Thumb Code     8  rt_sys_c.o(.text)
    _sys_close                               0x00009589   Thumb Code     8  rt_sys_c.o(.text)
    _sys_read                                0x00009591   Thumb Code    10  rt_sys_c.o(.text)
    _sys_write                               0x0000959b   Thumb Code    10  rt_sys_c.o(.text)
    _sys_ensure                              0x000095a5   Thumb Code     6  rt_sys_c.o(.text)
    _sys_flen                                0x000095ab   Thumb Code     8  rt_sys_c.o(.text)
    _sys_seek                                0x000095b3   Thumb Code     8  rt_sys_c.o(.text)
    _sys_istty                               0x000095bb   Thumb Code     8  rt_sys_c.o(.text)
    _sys_tmpnam                              0x000095c3   Thumb Code     6  rt_sys_c.o(.text)
    _sys_command_string                      0x000095c9   Thumb Code     6  rt_sys_c.o(.text)
    clock                                    0x000095cf   Thumb Code     4  rt_sys_c.o(.text)
    time                                     0x000095d3   Thumb Code    24  rt_sys_c.o(.text)
    remove                                   0x000095eb   Thumb Code     8  rt_sys_c.o(.text)
    rename                                   0x000095f3   Thumb Code     8  rt_sys_c.o(.text)
    system                                   0x000095fb   Thumb Code     6  rt_sys_c.o(.text)
    OSMemCreate                              0x00009601   Thumb Code   140  os_mem.o(.text)
    OSMemGet                                 0x0000968d   Thumb Code    60  os_mem.o(.text)
    OSMemPut                                 0x000096c9   Thumb Code    58  os_mem.o(.text)
    OSMemQuery                               0x00009703   Thumb Code    58  os_mem.o(.text)
    OS_MemInit                               0x0000973d   Thumb Code    60  os_mem.o(.text)
    OSMutexAccept                            0x00009781   Thumb Code   108  os_mutex.o(.text)
    OSMutexCreate                            0x000097ed   Thumb Code   134  os_mutex.o(.text)
    OSMutexDel                               0x00009873   Thumb Code   200  os_mutex.o(.text)
    OSMutexPend                              0x0000993b   Thumb Code   360  os_mutex.o(.text)
    OSMutexPost                              0x00009aa3   Thumb Code   380  os_mutex.o(.text)
    OSMutexQuery                             0x00009c1f   Thumb Code   146  os_mutex.o(.text)
    OSQAccept                                0x00009cc5   Thumb Code    70  os_q.o(.text)
    OSQCreate                                0x00009d0b   Thumb Code   128  os_q.o(.text)
    OSQDel                                   0x00009d8b   Thumb Code   204  os_q.o(.text)
    OSQFlush                                 0x00009e57   Thumb Code    46  os_q.o(.text)
    OSQPend                                  0x00009e85   Thumb Code   208  os_q.o(.text)
    OSQPost                                  0x00009f55   Thumb Code   110  os_q.o(.text)
    OSQPostFront                             0x00009fc3   Thumb Code   112  os_q.o(.text)
    OSQPostOpt                               0x0000a033   Thumb Code   172  os_q.o(.text)
    OSQQuery                                 0x0000a0df   Thumb Code   166  os_q.o(.text)
    OS_QInit                                 0x0000a185   Thumb Code    38  os_q.o(.text)
    OSSemAccept                              0x0000a1b5   Thumb Code    44  os_sem.o(.text)
    OSSemCreate                              0x0000a1e1   Thumb Code    64  os_sem.o(.text)
    OSSemDel                                 0x0000a221   Thumb Code   172  os_sem.o(.text)
    OSSemPend                                0x0000a2cd   Thumb Code   162  os_sem.o(.text)
    OSSemPost                                0x0000a36f   Thumb Code    82  os_sem.o(.text)
    OSSemQuery                               0x0000a3c1   Thumb Code   112  os_sem.o(.text)
    OSTaskChangePrio                         0x0000a43d   Thumb Code   310  os_task.o(.text)
    OSTaskCreate                             0x0000a573   Thumb Code   146  os_task.o(.text)
    OSTaskCreateExt                          0x0000a605   Thumb Code   176  os_task.o(.text)
    OSTaskDel                                0x0000a6b5   Thumb Code   292  os_task.o(.text)
    OSTaskDelReq                             0x0000a7d9   Thumb Code    84  os_task.o(.text)
    OSTaskResume                             0x0000a82d   Thumb Code   162  os_task.o(.text)
    OSTaskStkChk                             0x0000a8cf   Thumb Code   118  os_task.o(.text)
    OSTaskSuspend                            0x0000a945   Thumb Code   142  os_task.o(.text)
    OSTaskQuery                              0x0000a9d3   Thumb Code    68  os_task.o(.text)
    OSTimeDly                                0x0000aa29   Thumb Code    82  os_time.o(.text)
    OSTimeDlyHMSM                            0x0000aa7b   Thumb Code   158  os_time.o(.text)
    OSTimeDlyResume                          0x0000ab19   Thumb Code   108  os_time.o(.text)
    OSTimeGet                                0x0000ab85   Thumb Code    18  os_time.o(.text)
    OSTimeSet                                0x0000ab97   Thumb Code    18  os_time.o(.text)
    OS_TaskStat                              0x0000abbd   Thumb Code   118  os_core.o(.text)
    OS_TaskIdle                              0x0000ac5f   Thumb Code    28  os_core.o(.text)
    OSInit                                   0x0000ad6d   Thumb Code    48  os_core.o(.text)
    OSIntEnter                               0x0000ad9d   Thumb Code    28  os_core.o(.text)
    OSIntExit                                0x0000adb9   Thumb Code   124  os_core.o(.text)
    OSSchedLock                              0x0000ae35   Thumb Code    36  os_core.o(.text)
    OS_Sched                                 0x0000ae59   Thumb Code    88  os_core.o(.text)
    OSSchedUnlock                            0x0000aeb1   Thumb Code    66  os_core.o(.text)
    OSStart                                  0x0000aef3   Thumb Code    68  os_core.o(.text)
    OSStatInit                               0x0000af37   Thumb Code    54  os_core.o(.text)
    OSTimeTick                               0x0000af6d   Thumb Code   242  os_core.o(.text)
    OSVersion                                0x0000b05f   Thumb Code     4  os_core.o(.text)
    OS_Dummy                                 0x0000b063   Thumb Code     2  os_core.o(.text)
    OS_EventTaskRdy                          0x0000b065   Thumb Code   184  os_core.o(.text)
    OS_EventTaskWait                         0x0000b11d   Thumb Code   114  os_core.o(.text)
    OS_EventTO                               0x0000b18f   Thumb Code    72  os_core.o(.text)
    OS_EventWaitListInit                     0x0000b1d7   Thumb Code    42  os_core.o(.text)
    OS_TCBInit                               0x0000b201   Thumb Code   210  os_core.o(.text)
    OSFlagAccept                             0x0000b2f5   Thumb Code   260  os_flag.o(.text)
    OSFlagCreate                             0x0000b3f9   Thumb Code    72  os_flag.o(.text)
    OS_FlagUnlink                            0x0000b441   Thumb Code    36  os_flag.o(.text)
    OSFlagDel                                0x0000b4b3   Thumb Code   180  os_flag.o(.text)
    OSFlagPend                               0x0000b5e3   Thumb Code   500  os_flag.o(.text)
    OSFlagPost                               0x0000b7d7   Thumb Code   292  os_flag.o(.text)
    OSFlagQuery                              0x0000b8fb   Thumb Code    48  os_flag.o(.text)
    OS_FlagInit                              0x0000b92b   Thumb Code    42  os_flag.o(.text)
    __sysTickIsr                             0x0000b95d   Thumb Code    22  os_cpu_c.o(.text)
    OSStartHighRdy                           0x0000b973   Thumb Code    76  os_cpu_c.o(.text)
    OSIntCtxSw                               0x0000b9bf   Thumb Code    10  os_cpu_c.o(.text)
    OSTaskStkInit                            0x0000b9c9   Thumb Code   118  os_cpu_c.o(.text)
    OSInitHookBegin                          0x0000ba51   Thumb Code     2  osinithookbegin.o(.text)
    OSInitHookEnd                            0x0000ba53   Thumb Code     2  osinithookend.o(.text)
    OSTaskCreateHook                         0x0000ba55   Thumb Code     4  ostaskcreatehook.o(.text)
    OSTaskDelHook                            0x0000ba59   Thumb Code     4  ostaskdelhook.o(.text)
    OSTaskIdleHook                           0x0000ba5d   Thumb Code     2  ostaskidlehook.o(.text)
    OSTaskStatHook                           0x0000ba5f   Thumb Code     2  ostaskstathook.o(.text)
    OSTaskSwHook                             0x0000ba61   Thumb Code     2  ostaskswhook.o(.text)
    OSTCBInitHook                            0x0000ba63   Thumb Code     4  ostcbinithook.o(.text)
    OSTimeTickHook                           0x0000ba67   Thumb Code     2  ostimetickhook.o(.text)
    __semihosting$guard                      0x0000ba69   Thumb Code     0  use_no_semi.o(.text)
    __use_no_semihosting_swi                 0x0000ba69   Thumb Code     2  use_no_semi.o(.text)
    malloc                                   0x0000ba6b   Thumb Code    94  h1_alloc.o(.text)
    free                                     0x0000bac9   Thumb Code    78  h1_free.o(.text)
    __aeabi_memcpy                           0x0000bb17   Thumb Code     0  rt_memcpy_v6.o(.text)
    __rt_memcpy                              0x0000bb17   Thumb Code   138  rt_memcpy_v6.o(.text)
    _memcpy_lastbytes                        0x0000bb7d   Thumb Code     0  rt_memcpy_v6.o(.text)
    __aeabi_memcpy4                          0x0000bba1   Thumb Code     0  rt_memcpy_w.o(.text)
    __aeabi_memcpy8                          0x0000bba1   Thumb Code     0  rt_memcpy_w.o(.text)
    __rt_memcpy_w                            0x0000bba1   Thumb Code   100  rt_memcpy_w.o(.text)
    _memcpy_lastbytes_aligned                0x0000bbe9   Thumb Code     0  rt_memcpy_w.o(.text)
    __aeabi_memclr                           0x0000bc05   Thumb Code     0  rt_memclr.o(.text)
    __rt_memclr                              0x0000bc05   Thumb Code    68  rt_memclr.o(.text)
    _memset                                  0x0000bc09   Thumb Code     0  rt_memclr.o(.text)
    __aeabi_memclr4                          0x0000bc49   Thumb Code     0  rt_memclr_w.o(.text)
    __aeabi_memclr8                          0x0000bc49   Thumb Code     0  rt_memclr_w.o(.text)
    __rt_memclr_w                            0x0000bc49   Thumb Code    78  rt_memclr_w.o(.text)
    _memset_w                                0x0000bc4d   Thumb Code     0  rt_memclr_w.o(.text)
    mktime                                   0x0000bcd7   Thumb Code   352  mktime.o(.text)
    __rt_heap_descriptor                     0x0000be41   Thumb Code     8  rt_heap_descriptor_intlibspace.o(.text)
    __use_no_heap                            0x0000be49   Thumb Code     2  hguard.o(.text)
    __heap$guard                             0x0000be4b   Thumb Code     2  hguard.o(.text)
    _terminate_user_alloc                    0x0000be4d   Thumb Code     2  init_alloc.o(.text)
    _init_user_alloc                         0x0000be4f   Thumb Code     2  init_alloc.o(.text)
    __Heap_Full                              0x0000be51   Thumb Code    34  init_alloc.o(.text)
    __Heap_Broken                            0x0000be73   Thumb Code     6  init_alloc.o(.text)
    _init_alloc                              0x0000be79   Thumb Code    94  init_alloc.o(.text)
    __Heap_Initialize                        0x0000bed7   Thumb Code    10  h1_init.o(.text)
    __Heap_DescSize                          0x0000bee1   Thumb Code     4  h1_init.o(.text)
    __read_errno                             0x0000bee5   Thumb Code    10  _rserrno.o(.text)
    __set_errno                              0x0000beef   Thumb Code    12  _rserrno.o(.text)
    __user_libspace                          0x0000befd   Thumb Code     8  libspace.o(.text)
    __user_perproc_libspace                  0x0000befd   Thumb Code     0  libspace.o(.text)
    __user_perthread_libspace                0x0000befd   Thumb Code     0  libspace.o(.text)
    __aeabi_errno_addr                       0x0000bf05   Thumb Code     8  rt_errno_addr_intlibspace.o(.text)
    __errno$intlibspace                      0x0000bf05   Thumb Code     0  rt_errno_addr_intlibspace.o(.text)
    __rt_errno_addr$intlibspace              0x0000bf05   Thumb Code     0  rt_errno_addr_intlibspace.o(.text)
    __Heap_ProvideMemory                     0x0000bf0d   Thumb Code    52  h1_extend.o(.text)
    __rt_SIGRTMEM                            0x0000bf41   Thumb Code    14  defsig_rtmem_outer.o(.text)
    __rt_heap_escrow                         0x0000bf51   Thumb Code    22  heapauxa.o(.text)
    __rt_heap_expand                         0x0000bf67   Thumb Code    52  heapauxa.o(.text)
    __user_setup_stackheap                   0x0000bfa1   Thumb Code    74  sys_stackheap_outer.o(.text)
    exit                                     0x0000bfeb   Thumb Code    12  exit.o(.text)
    __sig_exit                               0x0000bff7   Thumb Code    10  defsig_exit.o(.text)
    __rt_SIGRTMEM_inner                      0x0000c001   Thumb Code    22  defsig_rtmem_inner.o(.text)
    __default_signal_display                 0x0000c051   Thumb Code    50  defsig_general.o(.text)
    __ARM_fpclassify                         0x0000c083   Thumb Code    40  fpclassify.o(i.__ARM_fpclassify)
    __ieee754_rem_pio2                       0x0000c0ad   Thumb Code   828  rred.o(i.__ieee754_rem_pio2)
    __kernel_cos                             0x0000c435   Thumb Code   230  cos_i.o(i.__kernel_cos)
    __kernel_poly                            0x0000c531   Thumb Code   170  poly.o(i.__kernel_poly)
    __kernel_sin                             0x0000c5dd   Thumb Code   224  sin_i.o(i.__kernel_sin)
    __mathlib_dbl_infnan                     0x0000c6c9   Thumb Code     6  dunder.o(i.__mathlib_dbl_infnan)
    __mathlib_dbl_infnan2                    0x0000c6cf   Thumb Code     4  dunder.o(i.__mathlib_dbl_infnan2)
    __mathlib_dbl_invalid                    0x0000c6d3   Thumb Code    12  dunder.o(i.__mathlib_dbl_invalid)
    __mathlib_dbl_underflow                  0x0000c6e1   Thumb Code    10  dunder.o(i.__mathlib_dbl_underflow)
    asin                                     0x0000c6f1   Thumb Code   572  asin.o(i.asin)
    atan                                     0x0000c961   Thumb Code   474  atan.o(i.atan)
    atan2                                    0x0000cb81   Thumb Code   346  atan2.o(i.atan2)
    cos                                      0x0000cd01   Thumb Code   148  cos.o(i.cos)
    sin                                      0x0000cd9d   Thumb Code   150  sin.o(i.sin)
    sqrt                                     0x0000ce3d   Thumb Code    76  sqrt.o(i.sqrt)
    __user_initial_stackheap                 0x0000ce89   Thumb Code     0  rt_sys_s.o(rt_sys)
    __aeabi_d2f                              0x0000ce91   Thumb Code     0  d2f.o(x$fpl$d2f)
    _d2f                                     0x0000ce91   Thumb Code    98  d2f.o(x$fpl$d2f)
    __aeabi_dadd                             0x0000cef5   Thumb Code     0  daddsub_clz.o(x$fpl$dadd)
    _dadd                                    0x0000cef5   Thumb Code   332  daddsub_clz.o(x$fpl$dadd)
    __fpl_dcheck_NaN1                        0x0000d045   Thumb Code    10  dcheck1.o(x$fpl$dcheck1)
    __fpl_dcmp_Inf                           0x0000d055   Thumb Code    24  dcmpi.o(x$fpl$dcmpinf)
    __aeabi_ddiv                             0x0000d06d   Thumb Code     0  ddiv.o(x$fpl$ddiv)
    _ddiv                                    0x0000d06d   Thumb Code   552  ddiv.o(x$fpl$ddiv)
    __aeabi_d2iz                             0x0000d31d   Thumb Code     0  dfix.o(x$fpl$dfix)
    _dfix                                    0x0000d31d   Thumb Code    94  dfix.o(x$fpl$dfix)
    __aeabi_i2d                              0x0000d37b   Thumb Code     0  dflt_clz.o(x$fpl$dflt)
    _dflt                                    0x0000d37b   Thumb Code    46  dflt_clz.o(x$fpl$dflt)
    __aeabi_ui2d                             0x0000d3a9   Thumb Code     0  dflt_clz.o(x$fpl$dfltu)
    _dfltu                                   0x0000d3a9   Thumb Code    38  dflt_clz.o(x$fpl$dfltu)
    __aeabi_cdcmple                          0x0000d3d1   Thumb Code     0  dleqf.o(x$fpl$dleqf)
    _dcmple                                  0x0000d3d1   Thumb Code   120  dleqf.o(x$fpl$dleqf)
    __fpl_dcmple_InfNaN                      0x0000d433   Thumb Code     0  dleqf.o(x$fpl$dleqf)
    __aeabi_dmul                             0x0000d449   Thumb Code     0  dmul.o(x$fpl$dmul)
    _dmul                                    0x0000d449   Thumb Code   332  dmul.o(x$fpl$dmul)
    __fpl_dnaninf                            0x0000d59d   Thumb Code   156  dnaninf.o(x$fpl$dnaninf)
    __fpl_dretinf                            0x0000d639   Thumb Code    12  dretinf.o(x$fpl$dretinf)
    __aeabi_cdrcmple                         0x0000d645   Thumb Code     0  drleqf.o(x$fpl$drleqf)
    _drcmple                                 0x0000d645   Thumb Code   108  drleqf.o(x$fpl$drleqf)
    __aeabi_drsub                            0x0000d6b1   Thumb Code     0  daddsub_clz.o(x$fpl$drsb)
    _drsb                                    0x0000d6b1   Thumb Code    22  daddsub_clz.o(x$fpl$drsb)
    _dsqrt                                   0x0000d6c9   Thumb Code   456  dsqrt_noumaal.o(x$fpl$dsqrt)
    __aeabi_dsub                             0x0000d895   Thumb Code     0  daddsub_clz.o(x$fpl$dsub)
    _dsub                                    0x0000d895   Thumb Code   464  daddsub_clz.o(x$fpl$dsub)
    __aeabi_f2d                              0x0000da69   Thumb Code     0  f2d.o(x$fpl$f2d)
    _f2d                                     0x0000da69   Thumb Code    86  f2d.o(x$fpl$f2d)
    __aeabi_fadd                             0x0000dac1   Thumb Code     0  faddsub_clz.o(x$fpl$fadd)
    _fadd                                    0x0000dac1   Thumb Code   196  faddsub_clz.o(x$fpl$fadd)
    __fpl_fcmp_Inf                           0x0000db85   Thumb Code    24  fcmpi.o(x$fpl$fcmpinf)
    __aeabi_fdiv                             0x0000db9d   Thumb Code     0  fdiv.o(x$fpl$fdiv)
    _fdiv                                    0x0000db9d   Thumb Code   384  fdiv.o(x$fpl$fdiv)
    __aeabi_f2iz                             0x0000dd21   Thumb Code     0  ffix.o(x$fpl$ffix)
    _ffix                                    0x0000dd21   Thumb Code    54  ffix.o(x$fpl$ffix)
    __aeabi_i2f                              0x0000dd59   Thumb Code     0  fflt_clz.o(x$fpl$fflt)
    _fflt                                    0x0000dd59   Thumb Code    48  fflt_clz.o(x$fpl$fflt)
    __aeabi_cfcmple                          0x0000dd89   Thumb Code     0  fleqf.o(x$fpl$fleqf)
    _fcmple                                  0x0000dd89   Thumb Code   104  fleqf.o(x$fpl$fleqf)
    __fpl_fcmple_InfNaN                      0x0000dddb   Thumb Code     0  fleqf.o(x$fpl$fleqf)
    __aeabi_fmul                             0x0000ddf1   Thumb Code     0  fmul.o(x$fpl$fmul)
    _fmul                                    0x0000ddf1   Thumb Code   258  fmul.o(x$fpl$fmul)
    __fpl_fnaninf                            0x0000def3   Thumb Code   140  fnaninf.o(x$fpl$fnaninf)
    __fpl_fretinf                            0x0000df7f   Thumb Code    10  fretinf.o(x$fpl$fretinf)
    __aeabi_cfrcmple                         0x0000df89   Thumb Code     0  frleqf.o(x$fpl$frleqf)
    _frcmple                                 0x0000df89   Thumb Code    98  frleqf.o(x$fpl$frleqf)
    __aeabi_fsub                             0x0000dfed   Thumb Code     0  faddsub_clz.o(x$fpl$fsub)
    _fsub                                    0x0000dfed   Thumb Code   234  faddsub_clz.o(x$fpl$fsub)
    __fpl_return_NaN                         0x0000e0d7   Thumb Code   100  retnan.o(x$fpl$retnan)
    __ARM_scalbn                             0x0000e13b   Thumb Code    92  scalbn.o(x$fpl$scalbn)
    __fpl_cmpreturn                          0x0000e197   Thumb Code    48  trapv.o(x$fpl$trapveneer)
    SIN_TABLE                                0x0000e1c6   Data        1610  fast_math.o(.constdata)
    __I$use$fp                               0x0000e1c6   Number         0  usenofp.o(x$fpl$usenofp)
    ASIN_TABLE                               0x0000e810   Data        1026  fast_math.o(.constdata)
    OSMapTbl                                 0x0000ec12   Data           8  os_core.o(.constdata)
    OSUnMapTbl                               0x0000ec1a   Data         256  os_core.o(.constdata)
    _monlen                                  0x0000ed70   Data          12  _monlen.o(.constdata)
    __mathlib_zero                           0x0000ee48   Data           8  qnan.o(.constdata)
    Region$$Table$$Base                      0x0000ef40   Number         0  anon$$obj.o(Region$$Table)
    Region$$Table$$Limit                     0x0000ef70   Number         0  anon$$obj.o(Region$$Table)
    __GpvVectorTable                         0x10000000   Data         204  vector_table.o(.data)
    plckSendPacket                           0x100000cc   Data           4  main.o(.data)
    plckSendDxlPacket                        0x100000d0   Data           4  main.o(.data)
    psemTxEmpty                              0x100000d4   Data           4  main.o(.data)
    pSemSCIBTX                               0x100000d8   Data           4  main.o(.data)
    pMbxSciaRx                               0x100000dc   Data           4  main.o(.data)
    pMbxScibRx                               0x100000e0   Data           4  main.o(.data)
    pSemSPIA                                 0x100000e4   Data           4  main.o(.data)
    pSemADC                                  0x100000e8   Data           4  main.o(.data)
    psemDXL                                  0x100000ec   Data           4  main.o(.data)
    plckSensorAquire                         0x100000f0   Data           4  main.o(.data)
    psemGaitGen                              0x100000f4   Data           4  main.o(.data)
    psemGaitExe                              0x100000f8   Data           4  main.o(.data)
    plckUpdateCommand                        0x100000fc   Data           4  main.o(.data)
    plckGaitQueue                            0x10000100   Data           4  main.o(.data)
    psemI2C0TXEmpty                          0x10000104   Data           4  main.o(.data)
    isRegisterCommandSent                    0x1000010e   Data           1  dxl_protocol.o(.data)
    isTorqueOn                               0x1000010f   Data           1  dxl_protocol.o(.data)
    isTimerInterruptEnable                   0x10000110   Data           1  signal_manage.o(.data)
    isADCInterruptEnable                     0x10000111   Data           1  signal_manage.o(.data)
    roll                                     0x10000114   Data           4  sensor_processor.o(.data)
    pitch                                    0x10000118   Data           4  sensor_processor.o(.data)
    yaw                                      0x1000011c   Data           4  sensor_processor.o(.data)
    Compass_counter                          0x10000120   Data           4  sensor_processor.o(.data)
    headMovingCommand                        0x10000124   Data           4  gait_generate.o(.data)
    specialGaitCommand                       0x10000128   Data           4  gait_generate.o(.data)
    walkKickCmd                              0x1000012c   Data           8  gait_generate.o(.data)
    commandState                             0x10000134   Data           2  gait_generate.o(.data)
    priorityState                            0x10000136   Data           2  gait_generate.o(.data)
    gaitStepCntr                             0x10000138   Data           2  gait_generate.o(.data)
    buf                                      0x10000148   Data          32  i2c_driver.o(.data)
    I2C_sla                                  0x10000168   Data           1  i2c_driver.o(.data)
    I2C_suba                                 0x1000016c   Data           4  i2c_driver.o(.data)
    I2C_suba_num                             0x10000170   Data           1  i2c_driver.o(.data)
    I2C_buf                                  0x10000174   Data           4  i2c_driver.o(.data)
    I2C_num                                  0x10000178   Data           4  i2c_driver.o(.data)
    I2C_end                                  0x1000017c   Data           1  i2c_driver.o(.data)
    I2C_suba_en                              0x1000017d   Data           1  i2c_driver.o(.data)
    DCM_Matrix                               0x10000180   Data          36  realdcm.o(.data)
    Update_Matrix                            0x100001a4   Data          36  realdcm.o(.data)
    G_Dt                                     0x100001c8   Data           4  realdcm.o(.data)
    OSCtxSwCtr                               0x100001cc   Data           4  os_core.o(.data)
    OSEventFreeList                          0x100001d0   Data           4  os_core.o(.data)
    OSFlagFreeList                           0x100001d4   Data           4  os_core.o(.data)
    OSCPUUsage                               0x100001d8   Data           1  os_core.o(.data)
    OSIdleCtrMax                             0x100001dc   Data           4  os_core.o(.data)
    OSIdleCtrRun                             0x100001e0   Data           4  os_core.o(.data)
    OSStatRdy                                0x100001e4   Data           1  os_core.o(.data)
    OSIntNesting                             0x100001e5   Data           1  os_core.o(.data)
    OSIntExitY                               0x100001e6   Data           1  os_core.o(.data)
    OSLockNesting                            0x100001e7   Data           1  os_core.o(.data)
    OSPrioCur                                0x100001e8   Data           1  os_core.o(.data)
    OSPrioHighRdy                            0x100001e9   Data           1  os_core.o(.data)
    OSRdyGrp                                 0x100001ea   Data           1  os_core.o(.data)
    OSRdyTbl                                 0x100001eb   Data           8  os_core.o(.data)
    OSRunning                                0x100001f3   Data           1  os_core.o(.data)
    OSTaskCtr                                0x100001f4   Data           1  os_core.o(.data)
    OSIdleCtr                                0x100001f8   Data           4  os_core.o(.data)
    OSTCBCur                                 0x100001fc   Data           4  os_core.o(.data)
    OSTCBFreeList                            0x10000200   Data           4  os_core.o(.data)
    OSTCBHighRdy                             0x10000204   Data           4  os_core.o(.data)
    OSTCBList                                0x10000208   Data           4  os_core.o(.data)
    OSMemFreeList                            0x1000020c   Data           4  os_core.o(.data)
    OSQFreeList                              0x10000210   Data           4  os_core.o(.data)
    OSTime                                   0x10000214   Data           4  os_core.o(.data)
    __GuiOsEnterSum                          0x10000218   Data           4  os_cpu_c.o(.data)
    stkMainTask                              0x10000220   Data         784  main.o(.bss)
    stkComTask                               0x10000530   Data         784  main.o(.bss)
    stkDxlTask                               0x10000840   Data         784  main.o(.bss)
    stkAdcTask                               0x10000b50   Data        1024  main.o(.bss)
    stkGtgTask                               0x10000f50   Data        1536  main.o(.bss)
    rxArrayOfMsg                             0x10001550   Data          64  main.o(.bss)
    rxbArrayOfMsg                            0x10001590   Data          64  main.o(.bss)
    packet                                   0x100015d0   Data         261  main.o(.bss)
    cmd                                      0x100016d6   Data         128  dxl_protocol.o(.bss)
    dxlPacket                                0x10001756   Data          13  dxl_protocol.o(.bss)
    sensor                                   0x10001764   Data          12  sensor_processor.o(.bss)
    sensorsRaw                               0x10001770   Data          18  sensor_processor.o(.bss)
    sensorCalibration                        0x10001782   Data          36  sensor_processor.o(.bss)
    sen_data                                 0x100017a8   Data          40  sensor_processor.o(.bss)
    blocks                                   0x100017d0   Data         786  flash_filesystem.o(.bss)
    fp                                       0x10001ae2   Data          16  flash_filesystem.o(.bss)
    singleFrameCommand                       0x10001af4   Data         132  gait_generate.o(.bss)
    gDC                                      0x10001b78   Data          56  gait_generate.o(.bss)
    currentBodyState                         0x10001bb0   Data          26  gait_generate.o(.bss)
    walkStablizeHistogram                    0x10001bcc   Data          76  gait_generate.o(.bss)
    runningOdometer                          0x10001c18   Data          12  gait_generate.o(.bss)
    gaitBufferQueue                          0x10001c24   Data         516  gait_generate.o(.bss)
    currentGaitHead                          0x10001e28   Data          14  gait_generate.o(.bss)
    mechZeroPoint                            0x10001e36   Data          66  gait_generate.o(.bss)
    walkingConfig                            0x10001e78   Data          50  gait_generate.o(.bss)
    ankle                                    0x10001eaa   Data          12  gait_generate.o(.bss)
    hip                                      0x10001eb6   Data          12  gait_generate.o(.bss)
    leg                                      0x10001ec2   Data          10  gait_generate.o(.bss)
    angleDiff                                0x10001ecc   Data          12  gait_generate.o(.bss)
    range                                    0x10001ed8   Data          12  gait_generate.o(.bss)
    Temporary_Matrix                         0x10001f64   Data          36  realdcm.o(.bss)
    errorRollPitch                           0x10001f88   Data          12  realdcm.o(.bss)
    errorYaw                                 0x10001f94   Data          12  realdcm.o(.bss)
    Accel_Vector                             0x10001fa0   Data          12  realdcm.o(.bss)
    Mag_Vector                               0x10001fac   Data          12  realdcm.o(.bss)
    Gyro_Vector                              0x10001fb8   Data          12  realdcm.o(.bss)
    Omega_Vector                             0x10001fc4   Data          12  realdcm.o(.bss)
    Omega_P                                  0x10001fd0   Data          12  realdcm.o(.bss)
    Omega_I                                  0x10001fdc   Data          12  realdcm.o(.bss)
    Omega                                    0x10001fe8   Data          12  realdcm.o(.bss)
    OmegaWorld                               0x10001ff4   Data          12  realdcm.o(.bss)
    OSEventTbl                               0x10002018   Data        1088  os_core.o(.bss)
    OSFlagTbl                                0x10002458   Data         180  os_core.o(.bss)
    OSTaskStatStk                            0x1000250c   Data        1024  os_core.o(.bss)
    OSTaskIdleStk                            0x1000290c   Data        1024  os_core.o(.bss)
    OSTCBPrioTbl                             0x10002d0c   Data         256  os_core.o(.bss)
    OSTCBTbl                                 0x10002e0c   Data        1144  os_core.o(.bss)
    OSMemTbl                                 0x10003284   Data         300  os_core.o(.bss)
    OSQTbl                                   0x100033b0   Data         288  os_core.o(.bss)
    __libspace_start                         0x100034d0   Data          96  libspace.o(.bss)
    __temporary_stack_top$libspace           0x10003530   Data           0  libspace.o(.bss)



==============================================================================

Memory Map of the image

  Image Entry point : 0x00000031

  Load Region ROM_LOAD (Base: 0x00000000, Size: 0x0000f190, Max: 0xffffffff, ABSOLUTE, COMPRESSED[0x0000f078])

    Execution Region VECTOR (Base: 0x00000000, Size: 0x00000030, Max: 0xffffffff, ABSOLUTE)

    Base Addr    Size         Type   Attr      Idx    E Section Name        Object

    0x00000000   0x00000030   Data   RO          456    .constdata          vector_table.o


    Execution Region ROM_EXEC (Base: 0x00000030, Size: 0x0000ef40, Max: 0xffffffff, ABSOLUTE)

    Base Addr    Size         Type   Attr      Idx    E Section Name        Object

    0x00000030   0x00000008   Code   RO         1008  * !!!main             c_w.l(__main.o)
    0x00000038   0x00000034   Code   RO         1375    !!!scatter          c_w.l(__scatter.o)
    0x0000006c   0x0000005a   Code   RO         1373    !!dczerorl2         c_w.l(__dczerorl2.o)
    0x000000c6   0x00000002   PAD
    0x000000c8   0x0000001a   Code   RO         1377    !!handler_copy      c_w.l(__scatter_copy.o)
    0x000000e2   0x00000002   PAD
    0x000000e4   0x0000001c   Code   RO         1379    !!handler_zi        c_w.l(__scatter_zi.o)
    0x00000100   0x00000002   Code   RO         1313    .ARM.Collect$$libinit$$00000000  c_w.l(libinit.o)
    0x00000102   0x00000000   Code   RO         1134    .ARM.Collect$$libinit$$00000002  c_w.l(libinit2.o)
    0x00000102   0x00000000   Code   RO         1136    .ARM.Collect$$libinit$$00000004  c_w.l(libinit2.o)
    0x00000102   0x00000008   Code   RO         1137    .ARM.Collect$$libinit$$00000005  c_w.l(libinit2.o)
    0x0000010a   0x00000000   Code   RO         1139    .ARM.Collect$$libinit$$0000000A  c_w.l(libinit2.o)
    0x0000010a   0x00000000   Code   RO         1141    .ARM.Collect$$libinit$$0000000C  c_w.l(libinit2.o)
    0x0000010a   0x00000000   Code   RO         1143    .ARM.Collect$$libinit$$0000000E  c_w.l(libinit2.o)
    0x0000010a   0x00000000   Code   RO         1146    .ARM.Collect$$libinit$$00000011  c_w.l(libinit2.o)
    0x0000010a   0x00000000   Code   RO         1148    .ARM.Collect$$libinit$$00000013  c_w.l(libinit2.o)
    0x0000010a   0x00000000   Code   RO         1150    .ARM.Collect$$libinit$$00000015  c_w.l(libinit2.o)
    0x0000010a   0x00000000   Code   RO         1152    .ARM.Collect$$libinit$$00000017  c_w.l(libinit2.o)
    0x0000010a   0x00000000   Code   RO         1154    .ARM.Collect$$libinit$$00000019  c_w.l(libinit2.o)
    0x0000010a   0x00000000   Code   RO         1156    .ARM.Collect$$libinit$$0000001B  c_w.l(libinit2.o)
    0x0000010a   0x00000000   Code   RO         1158    .ARM.Collect$$libinit$$0000001D  c_w.l(libinit2.o)
    0x0000010a   0x00000000   Code   RO         1160    .ARM.Collect$$libinit$$0000001F  c_w.l(libinit2.o)
    0x0000010a   0x00000000   Code   RO         1162    .ARM.Collect$$libinit$$00000021  c_w.l(libinit2.o)
    0x0000010a   0x00000000   Code   RO         1164    .ARM.Collect$$libinit$$00000023  c_w.l(libinit2.o)
    0x0000010a   0x00000000   Code   RO         1166    .ARM.Collect$$libinit$$00000025  c_w.l(libinit2.o)
    0x0000010a   0x00000000   Code   RO         1170    .ARM.Collect$$libinit$$0000002C  c_w.l(libinit2.o)
    0x0000010a   0x00000000   Code   RO         1172    .ARM.Collect$$libinit$$0000002E  c_w.l(libinit2.o)
    0x0000010a   0x00000000   Code   RO         1174    .ARM.Collect$$libinit$$00000030  c_w.l(libinit2.o)
    0x0000010a   0x00000000   Code   RO         1176    .ARM.Collect$$libinit$$00000032  c_w.l(libinit2.o)
    0x0000010a   0x00000002   Code   RO         1177    .ARM.Collect$$libinit$$00000033  c_w.l(libinit2.o)
    0x0000010c   0x00000002   Code   RO         1370    .ARM.Collect$$libshutdown$$00000000  c_w.l(libshutdown.o)
    0x0000010e   0x00000000   Code   RO         1328    .ARM.Collect$$libshutdown$$00000003  c_w.l(libshutdown2.o)
    0x0000010e   0x00000000   Code   RO         1331    .ARM.Collect$$libshutdown$$00000006  c_w.l(libshutdown2.o)
    0x0000010e   0x00000000   Code   RO         1334    .ARM.Collect$$libshutdown$$00000009  c_w.l(libshutdown2.o)
    0x0000010e   0x00000000   Code   RO         1336    .ARM.Collect$$libshutdown$$0000000B  c_w.l(libshutdown2.o)
    0x0000010e   0x00000000   Code   RO         1339    .ARM.Collect$$libshutdown$$0000000E  c_w.l(libshutdown2.o)
    0x0000010e   0x00000002   Code   RO         1340    .ARM.Collect$$libshutdown$$0000000F  c_w.l(libshutdown2.o)
    0x00000110   0x00000000   Code   RO         1102    .ARM.Collect$$rtentry$$00000000  c_w.l(__rtentry.o)
    0x00000110   0x00000000   Code   RO         1242    .ARM.Collect$$rtentry$$00000002  c_w.l(__rtentry2.o)
    0x00000110   0x00000006   Code   RO         1254    .ARM.Collect$$rtentry$$00000004  c_w.l(__rtentry4.o)
    0x00000116   0x00000000   Code   RO         1244    .ARM.Collect$$rtentry$$00000009  c_w.l(__rtentry2.o)
    0x00000116   0x00000004   Code   RO         1245    .ARM.Collect$$rtentry$$0000000A  c_w.l(__rtentry2.o)
    0x0000011a   0x00000000   Code   RO         1247    .ARM.Collect$$rtentry$$0000000C  c_w.l(__rtentry2.o)
    0x0000011a   0x00000008   Code   RO         1248    .ARM.Collect$$rtentry$$0000000D  c_w.l(__rtentry2.o)
    0x00000122   0x00000002   Code   RO         1316    .ARM.Collect$$rtexit$$00000000  c_w.l(rtexit.o)
    0x00000124   0x00000000   Code   RO         1344    .ARM.Collect$$rtexit$$00000002  c_w.l(rtexit2.o)
    0x00000124   0x00000004   Code   RO         1345    .ARM.Collect$$rtexit$$00000003  c_w.l(rtexit2.o)
    0x00000128   0x00000006   Code   RO         1346    .ARM.Collect$$rtexit$$00000004  c_w.l(rtexit2.o)
    0x0000012e   0x00000002   PAD
    0x00000130   0x0000012a   Code   RO          718    .emb_text           os_cpu_c.o
    0x0000025a   0x00000002   PAD
    0x0000025c   0x00000000   Code   RO         1263    .emb_text           c_w.l(maybetermalloc1.o)
    0x0000025c   0x00000240   Code   RO            1    .text               main.o
    0x0000049c   0x000005f2   Code   RO           87    .text               com_protocol.o
    0x00000a8e   0x00000002   PAD
    0x00000a90   0x00000378   Code   RO          100    .text               uart_driver.o
    0x00000e08   0x00000394   Code   RO          113    .text               dxl_protocol.o
    0x0000119c   0x000002b4   Code   RO          133    .text               flash_driver.o
    0x00001450   0x0000006c   Code   RO          149    .text               adc_driver.o
    0x000014bc   0x00000058   Code   RO          161    .text               signal_manage.o
    0x00001514   0x00000920   Code   RO          181    .text               sensor_processor.o
    0x00001e34   0x00000148   Code   RO          218    .text               fast_math.o
    0x00001f7c   0x000007b0   Code   RO          237    .text               flash_filesystem.o
    0x0000272c   0x00000948   Code   RO          252    .text               fast_kinematics.o
    0x00003074   0x00005028   Code   RO          264    .text               gait_generate.o
    0x0000809c   0x00000390   Code   RO          281    .text               i2c_driver.o
    0x0000842c   0x000000d4   Code   RO          302    .text               matrix.o
    0x00008500   0x000006cc   Code   RO          340    .text               realdcm.o
    0x00008bcc   0x000000e6   Code   RO          371    .text               vector.o
    0x00008cb2   0x00000002   PAD
    0x00008cb4   0x00000064   Code   RO          393    .text               lpc1700pincfg.o
    0x00008d18   0x00000180   Code   RO          443    .text               target.o
    0x00008e98   0x000006e2   Code   RO          469    .text               zy_if.o
    0x0000957a   0x00000086   Code   RO          526    .text               rt_sys_c.o
    0x00009600   0x00000180   Code   RO          611    .text               os_mem.o
    0x00009780   0x00000544   Code   RO          623    .text               os_mutex.o
    0x00009cc4   0x000004f0   Code   RO          635    .text               os_q.o
    0x0000a1b4   0x00000288   Code   RO          647    .text               os_sem.o
    0x0000a43c   0x000005ec   Code   RO          659    .text               os_task.o
    0x0000aa28   0x00000194   Code   RO          671    .text               os_time.o
    0x0000abbc   0x00000738   Code   RO          683    .text               os_core.o
    0x0000b2f4   0x00000668   Code   RO          703    .text               os_flag.o
    0x0000b95c   0x000000f4   Code   RO          719    .text               os_cpu_c.o
    0x0000ba50   0x00000002   Code   RO          775    .text               uCOS-II hook.lib(osinithookbegin.o)
    0x0000ba52   0x00000002   Code   RO          836    .text               uCOS-II hook.lib(osinithookend.o)
    0x0000ba54   0x00000004   Code   RO          848    .text               uCOS-II hook.lib(ostaskcreatehook.o)
    0x0000ba58   0x00000004   Code   RO          860    .text               uCOS-II hook.lib(ostaskdelhook.o)
    0x0000ba5c   0x00000002   Code   RO          872    .text               uCOS-II hook.lib(ostaskidlehook.o)
    0x0000ba5e   0x00000002   Code   RO          884    .text               uCOS-II hook.lib(ostaskstathook.o)
    0x0000ba60   0x00000002   Code   RO          896    .text               uCOS-II hook.lib(ostaskswhook.o)
    0x0000ba62   0x00000004   Code   RO          908    .text               uCOS-II hook.lib(ostcbinithook.o)
    0x0000ba66   0x00000002   Code   RO          920    .text               uCOS-II hook.lib(ostimetickhook.o)
    0x0000ba68   0x00000002   Code   RO          934    .text               c_w.l(use_no_semi.o)
    0x0000ba6a   0x0000005e   Code   RO          940    .text               c_w.l(h1_alloc.o)
    0x0000bac8   0x0000004e   Code   RO          942    .text               c_w.l(h1_free.o)
    0x0000bb16   0x0000008a   Code   RO          998    .text               c_w.l(rt_memcpy_v6.o)
    0x0000bba0   0x00000064   Code   RO         1000    .text               c_w.l(rt_memcpy_w.o)
    0x0000bc04   0x00000044   Code   RO         1002    .text               c_w.l(rt_memclr.o)
    0x0000bc48   0x0000004e   Code   RO         1004    .text               c_w.l(rt_memclr_w.o)
    0x0000bc96   0x00000002   PAD
    0x0000bc98   0x000001a8   Code   RO         1006    .text               c_w.l(mktime.o)
    0x0000be40   0x00000008   Code   RO         1106    .text               c_w.l(rt_heap_descriptor_intlibspace.o)
    0x0000be48   0x00000004   Code   RO         1108    .text               c_w.l(hguard.o)
    0x0000be4c   0x0000008a   Code   RO         1110    .text               c_w.l(init_alloc.o)
    0x0000bed6   0x0000000e   Code   RO         1114    .text               c_w.l(h1_init.o)
    0x0000bee4   0x00000016   Code   RO         1128    .text               c_w.l(_rserrno.o)
    0x0000befa   0x00000002   PAD
    0x0000befc   0x00000008   Code   RO         1238    .text               c_w.l(libspace.o)
    0x0000bf04   0x00000008   Code   RO         1259    .text               c_w.l(rt_errno_addr_intlibspace.o)
    0x0000bf0c   0x00000034   Code   RO         1265    .text               c_w.l(h1_extend.o)
    0x0000bf40   0x0000000e   Code   RO         1269    .text               c_w.l(defsig_rtmem_outer.o)
    0x0000bf4e   0x00000002   PAD
    0x0000bf50   0x00000050   Code   RO         1273    .text               c_w.l(heapauxa.o)
    0x0000bfa0   0x0000004a   Code   RO         1292    .text               c_w.l(sys_stackheap_outer.o)
    0x0000bfea   0x0000000c   Code   RO         1298    .text               c_w.l(exit.o)
    0x0000bff6   0x0000000a   Code   RO         1300    .text               c_w.l(defsig_exit.o)
    0x0000c000   0x00000050   Code   RO         1302    .text               c_w.l(defsig_rtmem_inner.o)
    0x0000c050   0x00000032   Code   RO         1324    .text               c_w.l(defsig_general.o)
    0x0000c082   0x00000028   Code   RO         1222    i.__ARM_fpclassify  m_ws.l(fpclassify.o)
    0x0000c0aa   0x00000002   PAD
    0x0000c0ac   0x00000388   Code   RO         1227    i.__ieee754_rem_pio2  m_ws.l(rred.o)
    0x0000c434   0x000000fc   Code   RO         1205    i.__kernel_cos      m_ws.l(cos_i.o)
    0x0000c530   0x000000aa   Code   RO         1224    i.__kernel_poly     m_ws.l(poly.o)
    0x0000c5da   0x00000002   PAD
    0x0000c5dc   0x000000ec   Code   RO         1232    i.__kernel_sin      m_ws.l(sin_i.o)
    0x0000c6c8   0x00000006   Code   RO         1209    i.__mathlib_dbl_infnan  m_ws.l(dunder.o)
    0x0000c6ce   0x00000004   Code   RO         1210    i.__mathlib_dbl_infnan2  m_ws.l(dunder.o)
    0x0000c6d2   0x0000000c   Code   RO         1211    i.__mathlib_dbl_invalid  m_ws.l(dunder.o)
    0x0000c6de   0x00000002   PAD
    0x0000c6e0   0x00000010   Code   RO         1214    i.__mathlib_dbl_underflow  m_ws.l(dunder.o)
    0x0000c6f0   0x00000270   Code   RO         1059    i.asin              m_ws.l(asin.o)
    0x0000c960   0x00000220   Code   RO         1196    i.atan              m_ws.l(atan.o)
    0x0000cb80   0x00000180   Code   RO         1069    i.atan2             m_ws.l(atan2.o)
    0x0000cd00   0x0000009c   Code   RO         1077    i.cos               m_ws.l(cos.o)
    0x0000cd9c   0x000000a0   Code   RO         1085    i.sin               m_ws.l(sin.o)
    0x0000ce3c   0x0000004c   Code   RO         1093    i.sqrt              m_ws.l(sqrt.o)
    0x0000ce88   0x00000008   Code   RO          522  * rt_sys              rt_sys_s.o
    0x0000ce90   0x00000062   Code   RO         1010    x$fpl$d2f           fz_ws.l(d2f.o)
    0x0000cef2   0x00000002   PAD
    0x0000cef4   0x00000150   Code   RO         1012    x$fpl$dadd          fz_ws.l(daddsub_clz.o)
    0x0000d044   0x00000010   Code   RO         1280    x$fpl$dcheck1       fz_ws.l(dcheck1.o)
    0x0000d054   0x00000018   Code   RO         1282    x$fpl$dcmpinf       fz_ws.l(dcmpi.o)
    0x0000d06c   0x000002b0   Code   RO         1019    x$fpl$ddiv          fz_ws.l(ddiv.o)
    0x0000d31c   0x0000005e   Code   RO         1022    x$fpl$dfix          fz_ws.l(dfix.o)
    0x0000d37a   0x0000002e   Code   RO         1285    x$fpl$dflt          fz_ws.l(dflt_clz.o)
    0x0000d3a8   0x00000026   Code   RO         1284    x$fpl$dfltu         fz_ws.l(dflt_clz.o)
    0x0000d3ce   0x00000002   PAD
    0x0000d3d0   0x00000078   Code   RO         1178    x$fpl$dleqf         fz_ws.l(dleqf.o)
    0x0000d448   0x00000154   Code   RO         1026    x$fpl$dmul          fz_ws.l(dmul.o)
    0x0000d59c   0x0000009c   Code   RO         1180    x$fpl$dnaninf       fz_ws.l(dnaninf.o)
    0x0000d638   0x0000000c   Code   RO         1182    x$fpl$dretinf       fz_ws.l(dretinf.o)
    0x0000d644   0x0000006c   Code   RO         1028    x$fpl$drleqf        fz_ws.l(drleqf.o)
    0x0000d6b0   0x00000016   Code   RO         1013    x$fpl$drsb          fz_ws.l(daddsub_clz.o)
    0x0000d6c6   0x00000002   PAD
    0x0000d6c8   0x000001cc   Code   RO         1184    x$fpl$dsqrt         fz_ws.l(dsqrt_noumaal.o)
    0x0000d894   0x000001d4   Code   RO         1014    x$fpl$dsub          fz_ws.l(daddsub_clz.o)
    0x0000da68   0x00000056   Code   RO         1030    x$fpl$f2d           fz_ws.l(f2d.o)
    0x0000dabe   0x00000002   PAD
    0x0000dac0   0x000000c4   Code   RO         1032    x$fpl$fadd          fz_ws.l(faddsub_clz.o)
    0x0000db84   0x00000018   Code   RO         1186    x$fpl$fcmpinf       fz_ws.l(fcmpi.o)
    0x0000db9c   0x00000184   Code   RO         1039    x$fpl$fdiv          fz_ws.l(fdiv.o)
    0x0000dd20   0x00000036   Code   RO         1042    x$fpl$ffix          fz_ws.l(ffix.o)
    0x0000dd56   0x00000002   PAD
    0x0000dd58   0x00000030   Code   RO         1047    x$fpl$fflt          fz_ws.l(fflt_clz.o)
    0x0000dd88   0x00000068   Code   RO         1052    x$fpl$fleqf         fz_ws.l(fleqf.o)
    0x0000ddf0   0x00000102   Code   RO         1054    x$fpl$fmul          fz_ws.l(fmul.o)
    0x0000def2   0x0000008c   Code   RO         1188    x$fpl$fnaninf       fz_ws.l(fnaninf.o)
    0x0000df7e   0x0000000a   Code   RO         1190    x$fpl$fretinf       fz_ws.l(fretinf.o)
    0x0000df88   0x00000062   Code   RO         1056    x$fpl$frleqf        fz_ws.l(frleqf.o)
    0x0000dfea   0x00000002   PAD
    0x0000dfec   0x000000ea   Code   RO         1034    x$fpl$fsub          fz_ws.l(faddsub_clz.o)
    0x0000e0d6   0x00000064   Code   RO         1314    x$fpl$retnan        fz_ws.l(retnan.o)
    0x0000e13a   0x0000005c   Code   RO         1192    x$fpl$scalbn        fz_ws.l(scalbn.o)
    0x0000e196   0x00000030   Code   RO         1341    x$fpl$trapveneer    fz_ws.l(trapv.o)
    0x0000e1c6   0x00000000   Code   RO         1194    x$fpl$usenofp       fz_ws.l(usenofp.o)
    0x0000e1c6   0x00000a4c   Data   RO          219    .constdata          fast_math.o
    0x0000ec12   0x00000108   Data   RO          685    .constdata          os_core.o
    0x0000ed1a   0x00000006   PAD
    0x0000ed20   0x00000050   Data   RO         1060    .constdata          m_ws.l(asin.o)
    0x0000ed70   0x0000000c   Data   RO         1130    .constdata          c_w.l(_monlen.o)
    0x0000ed7c   0x00000004   PAD
    0x0000ed80   0x00000098   Data   RO         1197    .constdata          m_ws.l(atan.o)
    0x0000ee18   0x00000030   Data   RO         1206    .constdata          m_ws.l(cos_i.o)
    0x0000ee48   0x00000008   Data   RO         1226    .constdata          m_ws.l(qnan.o)
    0x0000ee50   0x000000c8   Data   RO         1229    .constdata          m_ws.l(rred.o)
    0x0000ef18   0x00000028   Data   RO         1233    .constdata          m_ws.l(sin_i.o)
    0x0000ef40   0x00000030   Data   RO         1371    Region$$Table       anon$$obj.o


    Execution Region VECTOR_SRAM (Base: 0x10000000, Size: 0x000000cc, Max: 0xffffffff, ABSOLUTE)

    Base Addr    Size         Type   Attr      Idx    E Section Name        Object

    0x10000000   0x000000cc   Data   RW          457    .data               vector_table.o


    Execution Region SRAM (Base: 0x100000cc, Size: 0x00003464, Max: 0xffffffff, ABSOLUTE, COMPRESSED[0x0000003c])

    Base Addr    Size         Type   Attr      Idx    E Section Name        Object

    0x100000cc   0x0000003c   Data   RW            3    .data               main.o
    0x10000108   0x00000006   Data   RW           88    .data               com_protocol.o
    0x1000010e   0x00000002   Data   RW          115    .data               dxl_protocol.o
    0x10000110   0x00000002   Data   RW          162    .data               signal_manage.o
    0x10000112   0x00000002   PAD
    0x10000114   0x00000010   Data   RW          183    .data               sensor_processor.o
    0x10000124   0x00000022   Data   RW          266    .data               gait_generate.o
    0x10000146   0x00000002   PAD
    0x10000148   0x00000036   Data   RW          282    .data               i2c_driver.o
    0x1000017e   0x00000002   PAD
    0x10000180   0x0000004c   Data   RW          342    .data               realdcm.o
    0x100001cc   0x0000004c   Data   RW          686    .data               os_core.o
    0x10000218   0x00000004   Data   RW          720    .data               os_cpu_c.o
    0x1000021c   0x00000004   Data   RW         1274    .data               c_w.l(heapauxa.o)
    0x10000220   0x000014b5   Zero   RW            2    .bss                main.o
    0x100016d5   0x00000001   PAD
    0x100016d6   0x0000008d   Zero   RW          114    .bss                dxl_protocol.o
    0x10001763   0x00000001   PAD
    0x10001764   0x0000006c   Zero   RW          182    .bss                sensor_processor.o
    0x100017d0   0x00000322   Zero   RW          238    .bss                flash_filesystem.o
    0x10001af2   0x00000002   PAD
    0x10001af4   0x00000470   Zero   RW          265    .bss                gait_generate.o
    0x10001f64   0x000000b4   Zero   RW          341    .bss                realdcm.o
    0x10002018   0x000014b8   Zero   RW          684    .bss                os_core.o
    0x100034d0   0x00000060   Zero   RW         1239    .bss                c_w.l(libspace.o)


    Execution Region HEAP (Base: 0x10003530, Size: 0x00000000, Max: 0xffffffff, ABSOLUTE, UNINIT)

    Base Addr    Size         Type   Attr      Idx    E Section Name        Object

    0x10003530   0x00000000   Zero   RW          523    Heap                rt_sys_s.o


==============================================================================

Image component sizes


      Code (inc. data)   RO Data    RW Data    ZI Data      Debug   Object Name

       108         12          0          0          0       1116   adc_driver.o
      1522         38          0          6          0       4239   com_protocol.o
       916         20          0          2        141       7045   dxl_protocol.o
      2376          4          0          0          0       3578   fast_kinematics.o
       328          8       2636          0          0       2076   fast_math.o
       692         18          0          0          0       3161   flash_driver.o
      1968         16          0          0        802       3652   flash_filesystem.o
     20520        662          0         34       1136      23560   gait_generate.o
       912         50          0         54          0       2689   i2c_driver.o
       100         26          0          0          0        556   lpc1700pincfg.o
       576        102          0         60       5301      19586   main.o
       212          0          0          0          0       1095   matrix.o
      1848        150        264         76       5304      11273   os_core.o
       542         82          0          4          0       3233   os_cpu_c.o
      1640         30          0          0          0       5310   os_flag.o
         0          0          0          0          0       7563   os_mbox.o
       384          8          0          0          0       2246   os_mem.o
      1348         48          0          0          0       3438   os_mutex.o
      1264         28          0          0          0       4512   os_q.o
       648         12          0          0          0       2642   os_sem.o
      1516         62          0          0          0       4951   os_task.o
       404         20          0          0          0       1642   os_time.o
      1740        168          0         76        180       4358   realdcm.o
       134          0          0          0          0       5445   rt_sys_c.o
         8          4          0          0          0        244   rt_sys_s.o
      2336        106          0         16        108       6189   sensor_processor.o
        88         16          0          2          0       1022   signal_manage.o
       384         32          0          0          0        777   target.o
       888         32          0          0          0       3643   uart_driver.o
       230          0          0          0          0       1382   vector.o
         0          0         48        204          0        622   vector_table.o
      1762         16          0          0          0      16178   zy_if.o

    ----------------------------------------------------------------------
     47400       1770       3002        540      12976     159023   Object Totals
         0          0         48          0          0          0   (incl. Generated)
         6          0          6          6          4          0   (incl. Padding)

    ----------------------------------------------------------------------

      Code (inc. data)   RO Data    RW Data    ZI Data      Debug   Library Member Name

        90          0          0          0          0          0   __dczerorl2.o
         8          0          0          0          0         68   __main.o
         0          0          0          0          0          0   __rtentry.o
        12          0          0          0          0          0   __rtentry2.o
         6          0          0          0          0          0   __rtentry4.o
        52          8          0          0          0          0   __scatter.o
        26          0          0          0          0          0   __scatter_copy.o
        28          0          0          0          0          0   __scatter_zi.o
         0          0         12          0          0          0   _monlen.o
        22          0          0          0          0        100   _rserrno.o
        10          0          0          0          0         68   defsig_exit.o
        50          0          0          0          0         88   defsig_general.o
        80         58          0          0          0         76   defsig_rtmem_inner.o
        14          0          0          0          0         80   defsig_rtmem_outer.o
        12          0          0          0          0         72   exit.o
        94          0          0          0          0         80   h1_alloc.o
        52          0          0          0          0         68   h1_extend.o
        78          0          0          0          0         80   h1_free.o
        14          0          0          0          0         84   h1_init.o
        80          6          0          4          0         96   heapauxa.o
         4          0          0          0          0        136   hguard.o
       138          0          0          0          0        168   init_alloc.o
         2          0          0          0          0          0   libinit.o
        10          0          0          0          0          0   libinit2.o
         2          0          0          0          0          0   libshutdown.o
         2          0          0          0          0          0   libshutdown2.o
         8          4          0          0         96         68   libspace.o
         0          0          0          0          0          0   maybetermalloc1.o
       424         10          0          0          0        124   mktime.o
         8          4          0          0          0         68   rt_errno_addr_intlibspace.o
         8          4          0          0          0         68   rt_heap_descriptor_intlibspace.o
        68          0          0          0          0         68   rt_memclr.o
        78          0          0          0          0         80   rt_memclr_w.o
       138          0          0          0          0         68   rt_memcpy_v6.o
       100          0          0          0          0         80   rt_memcpy_w.o
         2          0          0          0          0          0   rtexit.o
        10          0          0          0          0          0   rtexit2.o
        74          0          0          0          0         80   sys_stackheap_outer.o
         2          0          0          0          0         68   use_no_semi.o
        98          4          0          0          0         92   d2f.o
       826         16          0          0          0        348   daddsub_clz.o
        16          4          0          0          0         68   dcheck1.o
        24          0          0          0          0         68   dcmpi.o
       688        140          0          0          0        208   ddiv.o
        94          4          0          0          0         92   dfix.o
        84          0          0          0          0        136   dflt_clz.o
       120          4          0          0          0         92   dleqf.o
       340         12          0          0          0        104   dmul.o
       156          4          0          0          0         92   dnaninf.o
        12          0          0          0          0         68   dretinf.o
       108          0          0          0          0         80   drleqf.o
       460         56          0          0          0        120   dsqrt_noumaal.o
        86          4          0          0          0         84   f2d.o
       430          8          0          0          0        168   faddsub_clz.o
        24          0          0          0          0         68   fcmpi.o
       388         76          0          0          0         96   fdiv.o
        54          4          0          0          0         84   ffix.o
        48          0          0          0          0         68   fflt_clz.o
       104          4          0          0          0         84   fleqf.o
       258          4          0          0          0         84   fmul.o
       140          4          0          0          0         84   fnaninf.o
        10          0          0          0          0         68   fretinf.o
        98          0          0          0          0         68   frleqf.o
       100          0          0          0          0         68   retnan.o
        92          0          0          0          0         68   scalbn.o
        48          0          0          0          0         68   trapv.o
         0          0          0          0          0          0   usenofp.o
       624         52         80          0          0        168   asin.o
       544         70        152          0          0        124   atan.o
       384         38          0          0          0        144   atan2.o
       156          8          0          0          0        104   cos.o
       252         22         48          0          0        124   cos_i.o
        38          6          0          0          0        272   dunder.o
        40          0          0          0          0         68   fpclassify.o
       170          0          0          0          0         96   poly.o
         0          0          8          0          0          0   qnan.o
       904         76        200          0          0        140   rred.o
       160         10          0          0          0        108   sin.o
       236         12         40          0          0        128   sin_i.o
        76          0          0          0          0         84   sqrt.o
         2          0          0          0          0       8109   osinithookbegin.o
         2          0          0          0          0        408   osinithookend.o
         4          0          0          0          0        459   ostaskcreatehook.o
         4          0          0          0          0        444   ostaskdelhook.o
         2          0          0          0          0        413   ostaskidlehook.o
         2          0          0          0          0        413   ostaskstathook.o
         2          0          0          0          0        403   ostaskswhook.o
         4          0          0          0          0        444   ostcbinithook.o
         2          0          0          0          0        413   ostimetickhook.o

    ----------------------------------------------------------------------
     10350        736        544          4         96      17830   Library Totals
        30          0          4          0          0          0   (incl. Padding)

    ----------------------------------------------------------------------

      Code (inc. data)   RO Data    RW Data    ZI Data      Debug   Library Name

      1806         94         12          4         96       2036   c_w.l
      4906        348          0          0          0       2728   fz_ws.l
      3584        294        528          0          0       1560   m_ws.l
        24          0          0          0          0      11506   uCOS-II hook.lib

    ----------------------------------------------------------------------
     10350        736        544          4         96      17830   Library Totals

    ----------------------------------------------------------------------

==============================================================================


      Code (inc. data)   RO Data    RW Data    ZI Data      Debug   

     57750       2506       3546        544      13072     170899   Grand Totals
     57750       2506       3546        264      13072     170899   ELF Image Totals (compressed)
     57750       2506       3546        264          0          0   ROM Totals

==============================================================================

    Total RO  Size (Code + RO Data)                61296 (  59.86kB)
    Total RW  Size (RW Data + ZI Data)             13616 (  13.30kB)
    Total ROM Size (Code + RO Data + RW Data)      61560 (  60.12kB)

==============================================================================

